Build & Test Android Companion	Inspect Classes Before Build	﻿2026-07-16T08:05:31.8155048Z ##[group]Run javap -p classes_out/com/meta/wearable/dat/core/Wearables.class || true
Build & Test Android Companion	Inspect Classes Before Build	2026-07-16T08:05:31.8155691Z ^[[36;1mjavap -p classes_out/com/meta/wearable/dat/core/Wearables.class || true^[[0m
Build & Test Android Companion	Inspect Classes Before Build	2026-07-16T08:05:31.8156250Z ^[[36;1mjavap -p classes_out/com/meta/wearable/dat/core/types/DatResult.class || true^[[0m
Build & Test Android Companion	Inspect Classes Before Build	2026-07-16T08:05:31.8156848Z ^[[36;1mjavap -p classes_out/com/meta/wearable/dat/core/session/DeviceSession.class || true^[[0m
Build & Test Android Companion	Inspect Classes Before Build	2026-07-16T08:05:31.8157414Z ^[[36;1mjavap -p classes_out/com/meta/wearable/dat/camera/Stream.class || true^[[0m
Build & Test Android Companion	Inspect Classes Before Build	2026-07-16T08:05:31.8157950Z ^[[36;1mjavap -p classes_out/com/meta/wearable/dat/camera/StreamKt.class || true^[[0m
Build & Test Android Companion	Inspect Classes Before Build	2026-07-16T08:05:31.8190226Z shell: /usr/bin/bash -e {0}
Build & Test Android Companion	Inspect Classes Before Build	2026-07-16T08:05:31.8190473Z env:
Build & Test Android Companion	Inspect Classes Before Build	2026-07-16T08:05:31.8190745Z   JAVA_HOME: /opt/hostedtoolcache/Java_Zulu_jdk/17.0.19-10/x64
Build & Test Android Companion	Inspect Classes Before Build	2026-07-16T08:05:31.8191162Z   JAVA_HOME_17_X64: /opt/hostedtoolcache/Java_Zulu_jdk/17.0.19-10/x64
Build & Test Android Companion	Inspect Classes Before Build	2026-07-16T08:05:31.8191506Z ##[endgroup]
Build & Test Android Companion	Inspect Classes Before Build	2026-07-16T08:05:32.1287347Z public final class com.meta.wearable.dat.core.Wearables {
Build & Test Android Companion	Inspect Classes Before Build	2026-07-16T08:05:32.1290311Z   public static final com.meta.wearable.dat.core.Wearables INSTANCE;
Build & Test Android Companion	Inspect Classes Before Build	2026-07-16T08:05:32.1292431Z   private static final java.lang.String TAG;
Build & Test Android Companion	Inspect Classes Before Build	2026-07-16T08:05:32.1293781Z   private static volatile com.meta.wearable.dat.core.internal.WearablesImpl instance;
Build & Test Android Companion	Inspect Classes Before Build	2026-07-16T08:05:32.1294892Z   private static final java.lang.Object lock;
Build & Test Android Companion	Inspect Classes Before Build	2026-07-16T08:05:32.1295693Z   private com.meta.wearable.dat.core.Wearables();
Build & Test Android Companion	Inspect Classes Before Build	2026-07-16T08:05:32.1297967Z   public final java.lang.Object initialize-QAxQwbw(android.content.Context);
Build & Test Android Companion	Inspect Classes Before Build	2026-07-16T08:05:32.1299944Z   public final java.lang.Object initializeWithOptions-DIlfXx4$fbandroid_java_com_meta_wearable_dat_core_core(android.content.Context, com.meta.wearable.dat.core.StartupOptions);
Build & Test Android Companion	Inspect Classes Before Build	2026-07-16T08:05:32.1309148Z   public final java.lang.Object initialize-DIlfXx4$fbandroid_java_com_meta_wearable_dat_core_core(android.content.Context, com.meta.wearable.dat.core.internal.registration.RegistrationManager);
Build & Test Android Companion	Inspect Classes Before Build	2026-07-16T08:05:32.1310982Z   public final void reset();
Build & Test Android Companion	Inspect Classes Before Build	2026-07-16T08:05:32.1312188Z   public final com.meta.wearable.dat.core.internal.WearablesImpl getInstance$fbandroid_java_com_meta_wearable_dat_core_core();
Build & Test Android Companion	Inspect Classes Before Build	2026-07-16T08:05:32.1354688Z   public final boolean isDevMode();
Build & Test Android Companion	Inspect Classes Before Build	2026-07-16T08:05:32.1365662Z   public final kotlinx.coroutines.flow.StateFlow<com.meta.wearable.dat.core.types.RegistrationState> getRegistrationState();
Build & Test Android Companion	Inspect Classes Before Build	2026-07-16T08:05:32.1366940Z   public final kotlinx.coroutines.flow.Flow<com.meta.wearable.dat.core.types.RegistrationError> getRegistrationErrorStream();
Build & Test Android Companion	Inspect Classes Before Build	2026-07-16T08:05:32.1368034Z   public final kotlinx.coroutines.flow.StateFlow<java.util.Set<com.meta.wearable.dat.core.types.DeviceIdentifier>> getDevices();
Build & Test Android Companion	Inspect Classes Before Build	2026-07-16T08:05:32.1369382Z   public final java.util.Map<com.meta.wearable.dat.core.types.DeviceIdentifier, kotlinx.coroutines.flow.StateFlow<com.meta.wearable.dat.core.types.Device>> getDevicesMetadata();
Build & Test Android Companion	Inspect Classes Before Build	2026-07-16T08:05:32.1370916Z   public final java.lang.Object createSession-QAxQwbw(com.meta.wearable.dat.core.selectors.DeviceSelector);
Build & Test Android Companion	Inspect Classes Before Build	2026-07-16T08:05:32.1372323Z   public final void setUsesDamOverride$fbandroid_java_com_meta_wearable_dat_core_core(boolean);
Build & Test Android Companion	Inspect Classes Before Build	2026-07-16T08:05:32.1373261Z   public final void startRegistration(android.app.Activity);
Build & Test Android Companion	Inspect Classes Before Build	2026-07-16T08:05:32.1374357Z   public final void startUnregistration(android.app.Activity);
Build & Test Android Companion	Inspect Classes Before Build	2026-07-16T08:05:32.1375183Z   public final java.lang.Object openFirmwareUpdate-QAxQwbw(android.app.Activity);
Build & Test Android Companion	Inspect Classes Before Build	2026-07-16T08:05:32.1376119Z   public final java.lang.Object openDATGlassesAppUpdate-QAxQwbw(android.app.Activity);
Build & Test Android Companion	Inspect Classes Before Build	2026-07-16T08:05:32.1377526Z   public final java.lang.Object checkPermissionStatus-DIlfXx4(com.meta.wearable.dat.core.types.Permission, kotlin.coroutines.Continuation<? super com.meta.wearable.dat.core.types.DatResult<com.meta.wearable.dat.core.types.PermissionStatus, com.meta.wearable.dat.core.types.PermissionError>>);
Build & Test Android Companion	Inspect Classes Before Build	2026-07-16T08:05:32.1379102Z   public final com.meta.wearable.dat.core.internal.device.DeviceManager getDeviceManager$fbandroid_java_com_meta_wearable_dat_core_core();
Build & Test Android Companion	Inspect Classes Before Build	2026-07-16T08:05:32.1380381Z   public final void setDeviceManager$fbandroid_java_com_meta_wearable_dat_core_core(com.meta.wearable.dat.core.internal.device.DeviceManager);
Build & Test Android Companion	Inspect Classes Before Build	2026-07-16T08:05:32.1381264Z   private final android.net.Uri buildDatDeepLink(java.lang.String, java.lang.String, java.lang.Boolean);
Build & Test Android Companion	Inspect Classes Before Build	2026-07-16T08:05:32.1382219Z   static android.net.Uri buildDatDeepLink$default(com.meta.wearable.dat.core.Wearables, java.lang.String, java.lang.String, java.lang.Boolean, int, java.lang.Object);
Build & Test Android Companion	Inspect Classes Before Build	2026-07-16T08:05:32.1383227Z   public final android.net.Uri buildDatAppUpdateDeepLink$fbandroid_java_com_meta_wearable_dat_core_core(java.lang.String);
Build & Test Android Companion	Inspect Classes Before Build	2026-07-16T08:05:32.1384330Z   private final java.lang.Object openCompanionDestination-DIlfXx4(android.app.Activity, android.net.Uri);
Build & Test Android Companion	Inspect Classes Before Build	2026-07-16T08:05:32.1385318Z   public final kotlinx.coroutines.flow.StateFlow<com.meta.wearable.dat.core.types.DeviceState> getDeviceState(com.meta.wearable.dat.core.types.DeviceIdentifier);
Build & Test Android Companion	Inspect Classes Before Build	2026-07-16T08:05:32.1386443Z   public final com.meta.wearable.dat.core.internal.health.DeviceHealthManager getHealthManager$fbandroid_java_com_meta_wearable_dat_core_core();
Build & Test Android Companion	Inspect Classes Before Build	2026-07-16T08:05:32.1387494Z   public final void setHealthManager$fbandroid_java_com_meta_wearable_dat_core_core(com.meta.wearable.dat.core.internal.health.DeviceHealthManager);
Build & Test Android Companion	Inspect Classes Before Build	2026-07-16T08:05:32.1388522Z   public final com.meta.wearable.dat.core.internal.session.SessionManager getSessionManager$fbandroid_java_com_meta_wearable_dat_core_core();
Build & Test Android Companion	Inspect Classes Before Build	2026-07-16T08:05:32.1389954Z   public final void setSessionManager$fbandroid_java_com_meta_wearable_dat_core_core(com.meta.wearable.dat.core.internal.session.SessionManager);
Build & Test Android Companion	Inspect Classes Before Build	2026-07-16T08:05:32.1390810Z   public final android.content.Context getContext$fbandroid_java_com_meta_wearable_dat_core_core();
Build & Test Android Companion	Inspect Classes Before Build	2026-07-16T08:05:32.1391490Z   public final java.lang.Object getAirshipProvider$fbandroid_java_com_meta_wearable_dat_core_core();
Build & Test Android Companion	Inspect Classes Before Build	2026-07-16T08:05:32.1391953Z   static {};
Build & Test Android Companion	Inspect Classes Before Build	2026-07-16T08:05:32.1392143Z }
Build & Test Android Companion	Inspect Classes Before Build	2026-07-16T08:05:32.4419102Z public final class com.meta.wearable.dat.core.types.DatResult<T, E extends com.meta.wearable.dat.core.types.DatError> implements java.io.Serializable {
Build & Test Android Companion	Inspect Classes Before Build	2026-07-16T08:05:32.4438242Z   public static final com.meta.wearable.dat.core.types.DatResult$Companion Companion;
Build & Test Android Companion	Inspect Classes Before Build	2026-07-16T08:05:32.4439346Z   private final java.lang.Object result;
Build & Test Android Companion	Inspect Classes Before Build	2026-07-16T08:05:32.4440294Z   public static void getResult-d1pmJ48$annotations();
Build & Test Android Companion	Inspect Classes Before Build	2026-07-16T08:05:32.4441195Z   public static final E errorOrNull-impl(java.lang.Object);
Build & Test Android Companion	Inspect Classes Before Build	2026-07-16T08:05:32.4443003Z   public static final <R> R fold-impl(java.lang.Object, kotlin.jvm.functions.Function1<? super T, ? extends R>, kotlin.jvm.functions.Function2<? super E, ? super java.lang.Throwable, ? extends R>);
Build & Test Android Companion	Inspect Classes Before Build	2026-07-16T08:05:32.4445709Z   public static final java.lang.Object onFailure-QAxQwbw(java.lang.Object, kotlin.jvm.functions.Function2<? super E, ? super java.lang.Throwable, kotlin.Unit>);
Build & Test Android Companion	Inspect Classes Before Build	2026-07-16T08:05:32.4448299Z   public static final <F extends com.meta.wearable.dat.core.types.DatError> java.lang.Object onSpecificError-QAxQwbw(java.lang.Object, kotlin.jvm.functions.Function2<? super F, ? super java.lang.Throwable, kotlin.Unit>);
Build & Test Android Companion	Inspect Classes Before Build	2026-07-16T08:05:32.4450295Z   public static final boolean isSuccess-impl(java.lang.Object);
Build & Test Android Companion	Inspect Classes Before Build	2026-07-16T08:05:32.4451223Z   public static final boolean isFailure-impl(java.lang.Object);
Build & Test Android Companion	Inspect Classes Before Build	2026-07-16T08:05:32.4452116Z   public static final T getOrNull-impl(java.lang.Object);
Build & Test Android Companion	Inspect Classes Before Build	2026-07-16T08:05:32.4453134Z   public static final java.lang.Throwable exceptionOrNull-impl(java.lang.Object);
Build & Test Android Companion	Inspect Classes Before Build	2026-07-16T08:05:32.4458613Z   public static final T getOrElse-impl(java.lang.Object, kotlin.jvm.functions.Function1<? super java.lang.Throwable, ? extends T>);
Build & Test Android Companion	Inspect Classes Before Build	2026-07-16T08:05:32.4484132Z   public static final T getOrDefault-impl(java.lang.Object, T);
Build & Test Android Companion	Inspect Classes Before Build	2026-07-16T08:05:32.4485214Z   public static final T getOrThrow-impl(java.lang.Object);
Build & Test Android Companion	Inspect Classes Before Build	2026-07-16T08:05:32.4502947Z   public static final java.lang.Object onSuccess-QAxQwbw(java.lang.Object, kotlin.jvm.functions.Function1<? super T, kotlin.Unit>);
Build & Test Android Companion	Inspect Classes Before Build	2026-07-16T08:05:32.4505460Z   public static final java.lang.Object onFailure-QAxQwbw(java.lang.Object, kotlin.jvm.functions.Function1<? super java.lang.Throwable, kotlin.Unit>);
Build & Test Android Companion	Inspect Classes Before Build	2026-07-16T08:05:32.4507243Z   public static final <R> java.lang.Object map-QAxQwbw(java.lang.Object, kotlin.jvm.functions.Function1<? super T, ? extends R>);
Build & Test Android Companion	Inspect Classes Before Build	2026-07-16T08:05:32.4508885Z   public static final <R> java.lang.Object mapCatching-IoAF18A(java.lang.Object, kotlin.jvm.functions.Function1<? super T, ? extends R>);
Build & Test Android Companion	Inspect Classes Before Build	2026-07-16T08:05:32.4510668Z   public static final java.lang.Object recover-QAxQwbw(java.lang.Object, kotlin.jvm.functions.Function1<? super java.lang.Throwable, ? extends T>);
Build & Test Android Companion	Inspect Classes Before Build	2026-07-16T08:05:32.4512619Z   public static final java.lang.Object recoverCatching-IoAF18A(java.lang.Object, kotlin.jvm.functions.Function1<? super java.lang.Throwable, ? extends T>);
Build & Test Android Companion	Inspect Classes Before Build	2026-07-16T08:05:32.4514343Z   public static final java.lang.Object toResult-d1pmJ48(java.lang.Object);
Build & Test Android Companion	Inspect Classes Before Build	2026-07-16T08:05:32.4515213Z   public static java.lang.String toString-impl(java.lang.Object);
Build & Test Android Companion	Inspect Classes Before Build	2026-07-16T08:05:32.4515889Z   public final java.lang.String toString();
Build & Test Android Companion	Inspect Classes Before Build	2026-07-16T08:05:32.4516468Z   public static int hashCode-impl(java.lang.Object);
Build & Test Android Companion	Inspect Classes Before Build	2026-07-16T08:05:32.4517024Z   public final int hashCode();
Build & Test Android Companion	Inspect Classes Before Build	2026-07-16T08:05:32.4517671Z   public static boolean equals-impl(java.lang.Object, java.lang.Object);
Build & Test Android Companion	Inspect Classes Before Build	2026-07-16T08:05:32.4518414Z   public final boolean equals(java.lang.Object);
Build & Test Android Companion	Inspect Classes Before Build	2026-07-16T08:05:32.4519417Z   private com.meta.wearable.dat.core.types.DatResult(java.lang.Object);
Build & Test Android Companion	Inspect Classes Before Build	2026-07-16T08:05:32.4520629Z   public static <T, E extends com.meta.wearable.dat.core.types.DatError> java.lang.Object constructor-impl(java.lang.Object);
Build & Test Android Companion	Inspect Classes Before Build	2026-07-16T08:05:32.4521966Z   public static final com.meta.wearable.dat.core.types.DatResult box-impl(java.lang.Object);
Build & Test Android Companion	Inspect Classes Before Build	2026-07-16T08:05:32.4522837Z   public final java.lang.Object unbox-impl();
Build & Test Android Companion	Inspect Classes Before Build	2026-07-16T08:05:32.4524385Z   public static final boolean equals-impl0(java.lang.Object, java.lang.Object);
Build & Test Android Companion	Inspect Classes Before Build	2026-07-16T08:05:32.4525082Z   static {};
Build & Test Android Companion	Inspect Classes Before Build	2026-07-16T08:05:32.4525388Z }
Build & Test Android Companion	Inspect Classes Before Build	2026-07-16T08:05:32.7396892Z public final class com.meta.wearable.dat.core.session.DeviceSession {
Build & Test Android Companion	Inspect Classes Before Build	2026-07-16T08:05:32.7424214Z   private static final com.meta.wearable.dat.core.session.DeviceSession$Companion Companion;
Build & Test Android Companion	Inspect Classes Before Build	2026-07-16T08:05:32.7444070Z   private final com.meta.wearable.dat.core.types.DeviceIdentifier device;
Build & Test Android Companion	Inspect Classes Before Build	2026-07-16T08:05:32.7483882Z   private final java.lang.String sessionId;
Build & Test Android Companion	Inspect Classes Before Build	2026-07-16T08:05:32.7504116Z   private final kotlinx.coroutines.CoroutineScope coroutineScope;
Build & Test Android Companion	Inspect Classes Before Build	2026-07-16T08:05:32.7507801Z   private final com.meta.wearable.dat.core.internal.session.SessionManager sessionManager;
Build & Test Android Companion	Inspect Classes Before Build	2026-07-16T08:05:32.7509480Z   private final kotlin.jvm.functions.Function1<com.meta.wearable.dat.core.types.DeviceIdentifier, kotlin.Unit> onStopped;
Build & Test Android Companion	Inspect Classes Before Build	2026-07-16T08:05:32.7510631Z   private final com.meta.wearable.dat.core.internal.health.DeviceHealthManager healthManager;
Build & Test Android Companion	Inspect Classes Before Build	2026-07-16T08:05:32.7511341Z   private final boolean usesDam;
Build & Test Android Companion	Inspect Classes Before Build	2026-07-16T08:05:32.7512169Z   private com.meta.wearable.dat.core.internal.session.SessionHandle sessionHandle;
Build & Test Android Companion	Inspect Classes Before Build	2026-07-16T08:05:32.7513081Z   private final java.lang.Object lock;
Build & Test Android Companion	Inspect Classes Before Build	2026-07-16T08:05:32.7514044Z   private kotlinx.coroutines.Job sessionStateJob;
Build & Test Android Companion	Inspect Classes Before Build	2026-07-16T08:05:32.7514646Z   private kotlinx.coroutines.Job sessionErrorJob;
Build & Test Android Companion	Inspect Classes Before Build	2026-07-16T08:05:32.7515552Z   private final com.meta.wearable.dat.core.internal.session.DwaHeartbeatMonitor heartbeatMonitor;
Build & Test Android Companion	Inspect Classes Before Build	2026-07-16T08:05:32.7516955Z   private final kotlinx.coroutines.flow.MutableStateFlow<com.meta.wearable.dat.core.session.DeviceSessionState> _state;
Build & Test Android Companion	Inspect Classes Before Build	2026-07-16T08:05:32.7518315Z   private final kotlinx.coroutines.flow.StateFlow<com.meta.wearable.dat.core.session.DeviceSessionState> state;
Build & Test Android Companion	Inspect Classes Before Build	2026-07-16T08:05:32.7519168Z   private final kotlinx.coroutines.flow.MutableSharedFlow<com.meta.wearable.dat.core.types.DeviceSessionError> _errors;
Build & Test Android Companion	Inspect Classes Before Build	2026-07-16T08:05:32.7520002Z   private final kotlinx.coroutines.flow.SharedFlow<com.meta.wearable.dat.core.types.DeviceSessionError> errors;
Build & Test Android Companion	Inspect Classes Before Build	2026-07-16T08:05:32.7521000Z   private final java.util.Map<kotlin.reflect.KClass<?>, java.io.Closeable> capabilities;
Build & Test Android Companion	Inspect Classes Before Build	2026-07-16T08:05:32.7521605Z   private final java.util.Map<kotlin.reflect.KClass<?>, java.lang.Object> capabilityFactories;
Build & Test Android Companion	Inspect Classes Before Build	2026-07-16T08:05:32.7522092Z   private final kotlin.Lazy healthListener$delegate;
Build & Test Android Companion	Inspect Classes Before Build	2026-07-16T08:05:32.7522418Z   private static final java.lang.String TAG;
Build & Test Android Companion	Inspect Classes Before Build	2026-07-16T08:05:32.7524295Z   public com.meta.wearable.dat.core.session.DeviceSession(com.meta.wearable.dat.core.types.DeviceIdentifier, java.lang.String, kotlinx.coroutines.CoroutineScope, com.meta.wearable.dat.core.internal.session.SessionManager, kotlin.jvm.functions.Function1<? super com.meta.wearable.dat.core.types.DeviceIdentifier, kotlin.Unit>, com.meta.wearable.dat.core.internal.health.DeviceHealthManager);
Build & Test Android Companion	Inspect Classes Before Build	2026-07-16T08:05:32.7527180Z   public com.meta.wearable.dat.core.session.DeviceSession(com.meta.wearable.dat.core.types.DeviceIdentifier, java.lang.String, kotlinx.coroutines.CoroutineScope, com.meta.wearable.dat.core.internal.session.SessionManager, kotlin.jvm.functions.Function1, com.meta.wearable.dat.core.internal.health.DeviceHealthManager, int, kotlin.jvm.internal.DefaultConstructorMarker);
Build & Test Android Companion	Inspect Classes Before Build	2026-07-16T08:05:32.7529026Z   public final com.meta.wearable.dat.core.types.DeviceIdentifier getDevice$fbandroid_java_com_meta_wearable_dat_core_core();
Build & Test Android Companion	Inspect Classes Before Build	2026-07-16T08:05:32.7529775Z   public final java.lang.String getSessionId$fbandroid_java_com_meta_wearable_dat_core_core();
Build & Test Android Companion	Inspect Classes Before Build	2026-07-16T08:05:32.7530536Z   public final boolean getUsesDam$fbandroid_java_com_meta_wearable_dat_core_core();
Build & Test Android Companion	Inspect Classes Before Build	2026-07-16T08:05:32.7532072Z   public com.meta.wearable.dat.core.session.DeviceSession(com.meta.wearable.dat.core.types.DeviceIdentifier, com.meta.wearable.dat.core.internal.session.SessionManager, kotlin.jvm.functions.Function1<? super com.meta.wearable.dat.core.types.DeviceIdentifier, kotlin.Unit>, com.meta.wearable.dat.core.internal.health.DeviceHealthManager);
Build & Test Android Companion	Inspect Classes Before Build	2026-07-16T08:05:32.7534787Z   public com.meta.wearable.dat.core.session.DeviceSession(com.meta.wearable.dat.core.types.DeviceIdentifier, com.meta.wearable.dat.core.internal.session.SessionManager, kotlin.jvm.functions.Function1, com.meta.wearable.dat.core.internal.health.DeviceHealthManager, int, kotlin.jvm.internal.DefaultConstructorMarker);
Build & Test Android Companion	Inspect Classes Before Build	2026-07-16T08:05:32.7536515Z   public final com.meta.wearable.dat.core.internal.session.DwaHeartbeatMonitor getHeartbeatMonitor$fbandroid_java_com_meta_wearable_dat_core_core();
Build & Test Android Companion	Inspect Classes Before Build	2026-07-16T08:05:32.7537471Z   public final kotlinx.coroutines.flow.StateFlow<com.meta.wearable.dat.core.session.DeviceSessionState> getState();
Build & Test Android Companion	Inspect Classes Before Build	2026-07-16T08:05:32.7538290Z   public final kotlinx.coroutines.flow.SharedFlow<com.meta.wearable.dat.core.types.DeviceSessionError> getErrors();
Build & Test Android Companion	Inspect Classes Before Build	2026-07-16T08:05:32.7539033Z   private final com.meta.wearable.dat.core.internal.health.HealthListener getHealthListener();
Build & Test Android Companion	Inspect Classes Before Build	2026-07-16T08:05:32.7539509Z   public final void start();
Build & Test Android Companion	Inspect Classes Before Build	2026-07-16T08:05:32.7539885Z   public final void pauseInternal$fbandroid_java_com_meta_wearable_dat_core_core();
Build & Test Android Companion	Inspect Classes Before Build	2026-07-16T08:05:32.7540430Z   public final void resumeInternal$fbandroid_java_com_meta_wearable_dat_core_core();
Build & Test Android Companion	Inspect Classes Before Build	2026-07-16T08:05:32.7540840Z   public final void stop();
Build & Test Android Companion	Inspect Classes Before Build	2026-07-16T08:05:32.7541785Z   public final <T extends java.io.Closeable> java.lang.Object addCapabilityByType-DIlfXx4$fbandroid_java_com_meta_wearable_dat_core_core(kotlin.reflect.KClass<T>, java.lang.Object);
Build & Test Android Companion	Inspect Classes Before Build	2026-07-16T08:05:32.7542977Z   public final <T extends java.io.Closeable> java.lang.Object removeCapabilityByType-QAxQwbw$fbandroid_java_com_meta_wearable_dat_core_core(kotlin.reflect.KClass<T>);
Build & Test Android Companion	Inspect Classes Before Build	2026-07-16T08:05:32.7544728Z   public final <T extends java.io.Closeable> void registerCapabilityFactory$fbandroid_java_com_meta_wearable_dat_core_core(kotlin.reflect.KClass<T>, com.meta.wearable.dat.core.session.CapabilityFactory<?, T>);
Build & Test Android Companion	Inspect Classes Before Build	2026-07-16T08:05:32.7545880Z   public final void addCapability$fbandroid_java_com_meta_wearable_dat_core_core(kotlin.reflect.KClass<?>, java.io.Closeable);
Build & Test Android Companion	Inspect Classes Before Build	2026-07-16T08:05:32.7546836Z   public final void removeCapability$fbandroid_java_com_meta_wearable_dat_core_core(kotlin.reflect.KClass<?>);
Build & Test Android Companion	Inspect Classes Before Build	2026-07-16T08:05:32.7547646Z   public final <T extends java.io.Closeable> T getCapability$fbandroid_java_com_meta_wearable_dat_core_core(kotlin.reflect.KClass<T>);
Build & Test Android Companion	Inspect Classes Before Build	2026-07-16T08:05:32.7548838Z   private final void handleHealthCritical(com.meta.wearable.dat.core.types.DeviceIdentifier, com.meta.wearable.dat.core.types.ThermalLevel, com.meta.wearable.dat.core.internal.health.PeakPowerLevel);
Build & Test Android Companion	Inspect Classes Before Build	2026-07-16T08:05:32.7550089Z   private final com.meta.wearable.dat.core.types.DeviceSessionError mapSessionEndReason(com.meta.wearable.dat.dwa.protos.SessionEndReason);
Build & Test Android Companion	Inspect Classes Before Build	2026-07-16T08:05:32.7550751Z   private final void connectToDevice();
Build & Test Android Companion	Inspect Classes Before Build	2026-07-16T08:05:32.7551274Z   private final void monitorDeviceSessionErrors(com.meta.wearable.dat.core.internal.session.SessionHandle);
Build & Test Android Companion	Inspect Classes Before Build	2026-07-16T08:05:32.7552014Z   private final void monitorSessionState(com.meta.wearable.dat.core.internal.session.SessionHandle);
Build & Test Android Companion	Inspect Classes Before Build	2026-07-16T08:05:32.7552547Z   private final void handleExternalTermination();
Build & Test Android Companion	Inspect Classes Before Build	2026-07-16T08:05:32.7552859Z   private final void performStop();
Build & Test Android Companion	Inspect Classes Before Build	2026-07-16T08:05:32.7553557Z   public static final void access$connectToDevice(com.meta.wearable.dat.core.session.DeviceSession);
Build & Test Android Companion	Inspect Classes Before Build	2026-07-16T08:05:32.7554302Z   public static final void access$handleExternalTermination(com.meta.wearable.dat.core.session.DeviceSession);
Build & Test Android Companion	Inspect Classes Before Build	2026-07-16T08:05:32.7555211Z   public static final kotlinx.coroutines.flow.MutableSharedFlow access$get_errors$p(com.meta.wearable.dat.core.session.DeviceSession);
Build & Test Android Companion	Inspect Classes Before Build	2026-07-16T08:05:32.7556208Z   public static final java.lang.Object access$getLock$p(com.meta.wearable.dat.core.session.DeviceSession);
Build & Test Android Companion	Inspect Classes Before Build	2026-07-16T08:05:32.7557044Z   public static final kotlinx.coroutines.flow.MutableStateFlow access$get_state$p(com.meta.wearable.dat.core.session.DeviceSession);
Build & Test Android Companion	Inspect Classes Before Build	2026-07-16T08:05:32.7557845Z   public static final void access$performStop(com.meta.wearable.dat.core.session.DeviceSession);
Build & Test Android Companion	Inspect Classes Before Build	2026-07-16T08:05:32.7559149Z   public static final void access$handleHealthCritical(com.meta.wearable.dat.core.session.DeviceSession, com.meta.wearable.dat.core.types.DeviceIdentifier, com.meta.wearable.dat.core.types.ThermalLevel, com.meta.wearable.dat.core.internal.health.PeakPowerLevel);
Build & Test Android Companion	Inspect Classes Before Build	2026-07-16T08:05:32.7560871Z   public static final com.meta.wearable.dat.core.types.DeviceSessionError access$mapSessionEndReason(com.meta.wearable.dat.core.session.DeviceSession, com.meta.wearable.dat.dwa.protos.SessionEndReason);
Build & Test Android Companion	Inspect Classes Before Build	2026-07-16T08:05:32.7561738Z   static {};
Build & Test Android Companion	Inspect Classes Before Build	2026-07-16T08:05:32.7561920Z }
Build & Test Android Companion	Inspect Classes Before Build	2026-07-16T08:05:33.0274445Z public interface com.meta.wearable.dat.camera.Stream extends java.io.Closeable {
Build & Test Android Companion	Inspect Classes Before Build	2026-07-16T08:05:33.0294044Z   public abstract void stop();
Build & Test Android Companion	Inspect Classes Before Build	2026-07-16T08:05:33.0304555Z   public abstract kotlinx.coroutines.flow.StateFlow<com.meta.wearable.dat.camera.types.StreamState> getState();
Build & Test Android Companion	Inspect Classes Before Build	2026-07-16T08:05:33.0306028Z   public abstract kotlinx.coroutines.flow.Flow<com.meta.wearable.dat.camera.types.VideoFrame> getVideoStream();
Build & Test Android Companion	Inspect Classes Before Build	2026-07-16T08:05:33.0307445Z   public abstract kotlinx.coroutines.flow.Flow<com.meta.wearable.dat.camera.types.StreamError> getErrorStream();
Build & Test Android Companion	Inspect Classes Before Build	2026-07-16T08:05:33.0308284Z   public abstract java.lang.Object start-FjYN6GU();
Build & Test Android Companion	Inspect Classes Before Build	2026-07-16T08:05:33.0309330Z   public abstract java.lang.Object capturePhoto-QAxQwbw(kotlin.coroutines.Continuation<? super com.meta.wearable.dat.core.types.DatResult<com.meta.wearable.dat.camera.types.PhotoData, com.meta.wearable.dat.camera.types.CaptureError>>);
Build & Test Android Companion	Inspect Classes Before Build	2026-07-16T08:05:33.0310343Z }
Build & Test Android Companion	Inspect Classes Before Build	2026-07-16T08:05:33.2878124Z Error: class not found: classes_out/com/meta/wearable/dat/camera/StreamKt.class
Build & Test Android Companion	Compile Kotlin Companion Classes	﻿2026-07-16T08:05:33.3079379Z ##[group]Run ./gradlew compileDebugKotlin --no-daemon
